<a class="btn btn-outline btn-primary btn-disabled" href="#">
  Disabled
</a>