<button name="button" type="submit" class="btn btn-ghost">
  Default
</button>