<a class="btn btn-error btn-active" href="#">
  Active
</a>