<a class="btn btn-error btn-disabled" href="#">
  Disabled
</a>