<a class="btn btn-error btn-square" href="#">
  S
</a>