<a class="btn btn-error btn-active" href="#">
  Wide
</a>