<button name="button" type="submit" disabled="disabled" class="btn btn-soft btn-success btn-disabled">
  Disabled
</button>