<a class="btn btn-warning btn-lg" href="#">
  Large
</a>