<a class="btn btn-outline btn-info" href="#">
  Default
</a>