<a class="btn btn-outline btn-info btn-disabled" href="#">
  Disabled
</a>