<button name="button" type="submit" disabled="disabled" class="btn btn-primary btn-disabled">
  Disabled
</button>