<a class="btn btn-dash btn-accent btn-lg" href="#">
  Large
</a>