<a class="btn btn-accent btn-soft btn-active" href="#">
  Block
</a>