<a class="btn btn-accent btn-soft btn-square" href="#">
  S
</a>