<a class="btn btn-success" href="#">
  Default
</a>