<a class="btn btn-dash btn-neutral" href="#">
  Default
</a>