<a class="btn btn-dash btn-neutral btn-xs xs:btn-xs sm:btn-sm md:btn-md lg:btn-lg xl:btn-xl" href="#">
  Responsive Sizes
</a>