<a class="btn btn-dash btn-neutral btn-active" href="#">
  Wide
</a>