<a class="btn btn-neutral btn-active" href="#">
  Block
</a>