<a class="btn btn-neutral btn-square" href="#">
  C
</a>