<a class="btn btn-neutral btn-disabled" href="#">
  Disabled
</a>