<a class="btn btn-neutral btn-lg" href="#">
  Large
</a>