<div class="alert alert-info alert-vertical sm:alert-horizontal">
  <i class="fa-solid fa-circle-info">
</i><div>
  <div>
  Message
</div>
</div>
</div>