<div class="alert alert-info alert-vertical sm:alert-horizontal">
  <i class="fa-solid fa-circle-info">
</i><div>
  <div class="font-bold">
  Title
</div><div class="text-xs">
  Description
</div>
</div>
</div>