<a class="btn btn-dash btn-info btn-lg" href="#">
  Large
</a>