<button name="button" type="submit" class="btn btn-soft btn-primary btn-xs xs:btn-xs sm:btn-sm md:btn-md lg:btn-lg xl:btn-xl">
  Responsive Sizes
</button>