<button name="button" type="submit" class="btn btn-outline btn-secondary btn-lg">
  Large
</button>