<a class="btn btn-dash btn-secondary btn-lg" href="#">
  Large
</a>