<a class="btn btn-warning btn-soft btn-disabled" href="#">
  Disabled
</a>