<a class="btn btn-error btn-soft btn-active" href="#">
  Active
</a>