<a class="btn btn-dash btn-square" href="#">
  C
</a>