<a class="btn btn-dash btn-active" href="#">
  Wide
</a>