<a class="btn btn-info btn-soft btn-active" href="#">
  Wide
</a>