<button name="button" type="submit" class="btn btn-neutral btn-lg">
  Large
</button>