<a class="btn btn-success btn-soft btn-active" href="#">
  Block
</a>