<a class="btn btn-success btn-soft btn-square" href="#">
  C
</a>