<a class="btn btn-outline btn-success btn-active" href="#">
  Block
</a>