<a class="btn btn-outline btn-success btn-disabled" href="#">
  Disabled
</a>