<a class="btn btn-outline btn-success btn-lg" href="#">
  Large
</a>