<a class="btn btn-outline btn-error btn-active" href="#">
  Wide
</a>