<button name="button" type="submit" class="btn btn-outline btn-accent btn-xs xs:btn-xs sm:btn-sm md:btn-md lg:btn-lg xl:btn-xl">
  Responsive Sizes
</button>