<a class="btn btn-outline btn-warning btn-square" href="#">
  C
</a>