<a class="btn btn-outline btn-warning" href="#">
  Default
</a>