<input type="password" name="username" id="username" class="input"/>
