<a class="btn btn-primary btn-soft btn-active" href="#">
  Block
</a>