<a class="btn btn-primary btn-soft" href="#">
  Default
</a>