<a class="btn btn-primary btn-square" href="#">
  C
</a>