<a class="btn btn-primary btn-square" href="#">
  S
</a>